{"createdAt":"2022-11-07T08:05:27Z","default":false,"deleted":false,"description":"Group for administration grapevines","id":7611800274205,"is_public":true,"name":"Administration","updatedAt":"2022-11-07T08:05:27Z","url":"https://cloudsufi.zendesk.com/api/v2/groups/7611800274205.json"}
{"createdAt":"2022-11-07T08:07:04Z","default":false,"deleted":false,"description":"Group for all BDA's","id":7611832673693,"is_public":true,"name":"Business Development","updatedAt":"2022-11-07T08:07:04Z","url":"https://cloudsufi.zendesk.com/api/v2/groups/7611832673693.json"}
{"createdAt":"2022-11-07T08:06:16Z","default":false,"deleted":false,"description":"Group for the finance team","id":7611796655261,"is_public":true,"name":"Finance","updatedAt":"2022-11-07T08:06:16Z","url":"https://cloudsufi.zendesk.com/api/v2/groups/7611796655261.json"}
{"createdAt":"2022-11-07T08:04:34Z","default":false,"deleted":false,"description":"Group for Zendesk- advanced agents","id":7611763892253,"is_public":true,"name":"Zendesk_AdvancedAgents","updatedAt":"2022-11-07T08:04:34Z","url":"https://cloudsufi.zendesk.com/api/v2/groups/7611763892253.json"}
{"createdAt":"2022-11-07T08:04:07Z","default":false,"deleted":false,"description":"Group for Zendesk- light agents","id":7611789911965,"is_public":true,"name":"Zendesk_LightAgents","updatedAt":"2022-11-07T08:04:07Z","url":"https://cloudsufi.zendesk.com/api/v2/groups/7611789911965.json"}
{"createdAt":"2022-05-25T04:18:59Z","default":true,"deleted":false,"description":"","id":5281674907293,"is_public":true,"name":"Support","updatedAt":"2022-05-25T04:18:59Z","url":"https://cloudsufi.zendesk.com/api/v2/groups/5281674907293.json"}
